// Jest Snapshot v1, https://goo.gl/fbAQLP

exports[`Loader should render without crashing 1`] = `
<div>
  <div
    class="border-0 overflow-hidden card"
    style="width: 18rem;"
  >
    <img
      alt=""
    />
    <div
      class="card-img-overlay h-100 d-flex flex-column justify-content-end"
    >
      <p
        class="card-text text-white"
      />
    </div>
  </div>
</div>
`;
