// Jest Snapshot v1, https://goo.gl/fbAQLP

exports[`Styled Wrapper should match snapshot 1`] = `
.c0 {
  background-color: #fff;
  color: #000000;
  overflow-x: hidden;
}

<div>
  <div
    class="c0"
  />
</div>
`;
