// Jest Snapshot v1, https://goo.gl/fbAQLP

exports[`Styled Container should match snapshot 1`] = `
.c0 {
  color: #000000 !important;
}

<div>
  <div
    class="c0 container"
  />
</div>
`;
