// Jest Snapshot v1, https://goo.gl/fbAQLP

exports[`Gif Fullscreen should render without crashing 1`] = `null`;
