// Jest Snapshot v1, https://goo.gl/fbAQLP

exports[`Styled Header should match snapshot 1`] = `
.c0 {
  color: #000000;
}

<div>
  <header
    class="c0"
  />
</div>
`;
